// Jest Snapshot v1, https://goo.gl/fbAQLP

exports[`Pix QRCode Error in pixParams 1`] = `
<svg
  height={256}
  shapeRendering="crispEdges"
  viewBox="0 0 29 29"
  width={256}
>
  <path
    d="M0,0 h29v29H0z"
    fill="#FFFFFF"
  />
  <path
    d="M4 4h7v1H4zM13 4h1v1H13zM16 4h1v1H16zM18,4 h7v1H18zM4 5h1v1H4zM10 5h1v1H10zM12 5h1v1H12zM15 5h1v1H15zM18 5h1v1H18zM24,5 h1v1H24zM4 6h1v1H4zM6 6h3v1H6zM10 6h1v1H10zM13 6h1v1H13zM18 6h1v1H18zM20 6h3v1H20zM24,6 h1v1H24zM4 7h1v1H4zM6 7h3v1H6zM10 7h1v1H10zM12 7h1v1H12zM15 7h1v1H15zM18 7h1v1H18zM20 7h3v1H20zM24,7 h1v1H24zM4 8h1v1H4zM6 8h3v1H6zM10 8h1v1H10zM14 8h3v1H14zM18 8h1v1H18zM20 8h3v1H20zM24,8 h1v1H24zM4 9h1v1H4zM10 9h1v1H10zM12 9h3v1H12zM16 9h1v1H16zM18 9h1v1H18zM24,9 h1v1H24zM4 10h7v1H4zM12 10h1v1H12zM14 10h1v1H14zM16 10h1v1H16zM18,10 h7v1H18zM14 11h3v1H14zM4 12h5v1H4zM10 12h4v1H10zM16 12h2v1H16zM19 12h1v1H19zM21 12h1v1H21zM23 12h1v1H23zM5 13h2v1H5zM11 13h2v1H11zM14 13h1v1H14zM16 13h1v1H16zM19 13h1v1H19zM22 13h1v1H22zM7 14h1v1H7zM10 14h1v1H10zM12 14h1v1H12zM14 14h2v1H14zM17 14h1v1H17zM20,14 h5v1H20zM4 15h1v1H4zM8 15h1v1H8zM13 15h2v1H13zM19 15h2v1H19zM22 15h1v1H22zM24,15 h1v1H24zM4 16h3v1H4zM9 16h4v1H9zM15 16h1v1H15zM17 16h1v1H17zM20,16 h5v1H20zM12 17h7v1H12zM21 17h1v1H21zM4 18h7v1H4zM12 18h3v1H12zM16 18h1v1H16zM18 18h2v1H18zM4 19h1v1H4zM10 19h1v1H10zM13 19h6v1H13zM21 19h1v1H21zM4 20h1v1H4zM6 20h3v1H6zM10 20h1v1H10zM12 20h3v1H12zM16 20h1v1H16zM19 20h1v1H19zM22 20h1v1H22zM4 21h1v1H4zM6 21h3v1H6zM10 21h1v1H10zM12 21h2v1H12zM16 21h1v1H16zM19 21h1v1H19zM22 21h1v1H22zM4 22h1v1H4zM6 22h3v1H6zM10 22h1v1H10zM12 22h2v1H12zM15 22h1v1H15zM17 22h1v1H17zM20 22h3v1H20zM4 23h1v1H4zM10 23h1v1H10zM12 23h2v1H12zM19 23h2v1H19zM22 23h1v1H22zM4 24h7v1H4zM12 24h1v1H12zM14 24h2v1H14zM17 24h1v1H17zM20 24h4v1H20z"
    fill="#000000"
  />
</svg>
`;

exports[`Pix QRCode Error in pixParams 2`] = `
<span>
  Chave PIX é obrigatória
</span>
`;

exports[`Pix QRCode QRCode with default arguments 1`] = `
<svg
  height={256}
  shapeRendering="crispEdges"
  viewBox="0 0 29 29"
  width={256}
>
  <path
    d="M0,0 h29v29H0z"
    fill="#FFFFFF"
  />
  <path
    d="M4 4h7v1H4zM13 4h1v1H13zM16 4h1v1H16zM18,4 h7v1H18zM4 5h1v1H4zM10 5h1v1H10zM12 5h1v1H12zM15 5h1v1H15zM18 5h1v1H18zM24,5 h1v1H24zM4 6h1v1H4zM6 6h3v1H6zM10 6h1v1H10zM13 6h1v1H13zM18 6h1v1H18zM20 6h3v1H20zM24,6 h1v1H24zM4 7h1v1H4zM6 7h3v1H6zM10 7h1v1H10zM12 7h1v1H12zM15 7h1v1H15zM18 7h1v1H18zM20 7h3v1H20zM24,7 h1v1H24zM4 8h1v1H4zM6 8h3v1H6zM10 8h1v1H10zM14 8h3v1H14zM18 8h1v1H18zM20 8h3v1H20zM24,8 h1v1H24zM4 9h1v1H4zM10 9h1v1H10zM12 9h3v1H12zM16 9h1v1H16zM18 9h1v1H18zM24,9 h1v1H24zM4 10h7v1H4zM12 10h1v1H12zM14 10h1v1H14zM16 10h1v1H16zM18,10 h7v1H18zM14 11h3v1H14zM4 12h5v1H4zM10 12h4v1H10zM16 12h2v1H16zM19 12h1v1H19zM21 12h1v1H21zM23 12h1v1H23zM5 13h2v1H5zM11 13h2v1H11zM14 13h1v1H14zM16 13h1v1H16zM19 13h1v1H19zM22 13h1v1H22zM7 14h1v1H7zM10 14h1v1H10zM12 14h1v1H12zM14 14h2v1H14zM17 14h1v1H17zM20,14 h5v1H20zM4 15h1v1H4zM8 15h1v1H8zM13 15h2v1H13zM19 15h2v1H19zM22 15h1v1H22zM24,15 h1v1H24zM4 16h3v1H4zM9 16h4v1H9zM15 16h1v1H15zM17 16h1v1H17zM20,16 h5v1H20zM12 17h7v1H12zM21 17h1v1H21zM4 18h7v1H4zM12 18h3v1H12zM16 18h1v1H16zM18 18h2v1H18zM4 19h1v1H4zM10 19h1v1H10zM13 19h6v1H13zM21 19h1v1H21zM4 20h1v1H4zM6 20h3v1H6zM10 20h1v1H10zM12 20h3v1H12zM16 20h1v1H16zM19 20h1v1H19zM22 20h1v1H22zM4 21h1v1H4zM6 21h3v1H6zM10 21h1v1H10zM12 21h2v1H12zM16 21h1v1H16zM19 21h1v1H19zM22 21h1v1H22zM4 22h1v1H4zM6 22h3v1H6zM10 22h1v1H10zM12 22h2v1H12zM15 22h1v1H15zM17 22h1v1H17zM20 22h3v1H20zM4 23h1v1H4zM10 23h1v1H10zM12 23h2v1H12zM19 23h2v1H19zM22 23h1v1H22zM4 24h7v1H4zM12 24h1v1H12zM14 24h2v1H14zM17 24h1v1H17zM20 24h4v1H20z"
    fill="#000000"
  />
</svg>
`;

exports[`Pix QRCode QRCode with default arguments 2`] = `
<svg
  height={256}
  shapeRendering="crispEdges"
  viewBox="0 0 57 57"
  width={256}
>
  <path
    d="M0,0 h57v57H0z"
    fill="#FFFFFF"
  />
  <path
    d="M4 4h7v1H4zM12 4h8v1H12zM21 4h1v1H21zM28 4h1v1H28zM33 4h2v1H33zM37 4h1v1H37zM39 4h3v1H39zM44 4h1v1H44zM46,4 h7v1H46zM4 5h1v1H4zM10 5h1v1H10zM15 5h1v1H15zM18 5h2v1H18zM21 5h1v1H21zM23 5h2v1H23zM26 5h4v1H26zM33 5h1v1H33zM35 5h5v1H35zM42 5h3v1H42zM46 5h1v1H46zM52,5 h1v1H52zM4 6h1v1H4zM6 6h3v1H6zM10 6h1v1H10zM12 6h3v1H12zM16 6h1v1H16zM21 6h1v1H21zM26 6h3v1H26zM30 6h1v1H30zM33 6h1v1H33zM35 6h2v1H35zM41 6h1v1H41zM43 6h2v1H43zM46 6h1v1H46zM48 6h3v1H48zM52,6 h1v1H52zM4 7h1v1H4zM6 7h3v1H6zM10 7h1v1H10zM12 7h1v1H12zM14 7h2v1H14zM19 7h1v1H19zM22 7h1v1H22zM25 7h1v1H25zM28 7h2v1H28zM34 7h2v1H34zM39 7h3v1H39zM43 7h1v1H43zM46 7h1v1H46zM48 7h3v1H48zM52,7 h1v1H52zM4 8h1v1H4zM6 8h3v1H6zM10 8h1v1H10zM12 8h2v1H12zM15 8h6v1H15zM23 8h1v1H23zM26 8h7v1H26zM35 8h3v1H35zM39 8h1v1H39zM46 8h1v1H46zM48 8h3v1H48zM52,8 h1v1H52zM4 9h1v1H4zM10 9h1v1H10zM13 9h1v1H13zM16 9h3v1H16zM23 9h2v1H23zM26 9h1v1H26zM30 9h2v1H30zM34 9h1v1H34zM37 9h2v1H37zM42 9h1v1H42zM46 9h1v1H46zM52,9 h1v1H52zM4 10h7v1H4zM12 10h1v1H12zM14 10h1v1H14zM16 10h1v1H16zM18 10h1v1H18zM20 10h1v1H20zM22 10h1v1H22zM24 10h1v1H24zM26 10h1v1H26zM28 10h1v1H28zM30 10h1v1H30zM32 10h1v1H32zM34 10h1v1H34zM36 10h1v1H36zM38 10h1v1H38zM40 10h1v1H40zM42 10h1v1H42zM44 10h1v1H44zM46,10 h7v1H46zM13 11h1v1H13zM16 11h1v1H16zM18 11h6v1H18zM25 11h2v1H25zM30 11h4v1H30zM36 11h2v1H36zM40 11h1v1H40zM42 11h1v1H42zM4 12h4v1H4zM10 12h1v1H10zM12 12h1v1H12zM16 12h2v1H16zM19 12h1v1H19zM24 12h7v1H24zM32 12h2v1H32zM38 12h1v1H38zM41 12h1v1H41zM45 12h1v1H45zM48 12h3v1H48zM52,12 h1v1H52zM5 13h3v1H5zM9 13h1v1H9zM11 13h2v1H11zM15 13h5v1H15zM21 13h1v1H21zM25 13h1v1H25zM27 13h2v1H27zM32 13h4v1H32zM40 13h2v1H40zM43 13h1v1H43zM46 13h2v1H46zM49 13h1v1H49zM51 13h1v1H51zM5 14h4v1H5zM10 14h2v1H10zM13 14h1v1H13zM15 14h3v1H15zM19 14h2v1H19zM22 14h4v1H22zM29 14h1v1H29zM33 14h1v1H33zM39 14h1v1H39zM41 14h1v1H41zM43 14h2v1H43zM46 14h1v1H46zM48 14h1v1H48zM50 14h2v1H50zM4 15h1v1H4zM6 15h1v1H6zM14 15h5v1H14zM20 15h1v1H20zM22 15h1v1H22zM24 15h1v1H24zM26 15h1v1H26zM28 15h2v1H28zM33 15h4v1H33zM39 15h1v1H39zM41 15h1v1H41zM43 15h1v1H43zM48 15h1v1H48zM50 15h2v1H50zM5 16h1v1H5zM8 16h1v1H8zM10 16h3v1H10zM14 16h1v1H14zM17 16h2v1H17zM21 16h1v1H21zM23 16h1v1H23zM25 16h4v1H25zM30 16h1v1H30zM33 16h1v1H33zM35 16h1v1H35zM37 16h1v1H37zM39 16h2v1H39zM42 16h2v1H42zM50,16 h3v1H50zM5 17h5v1H5zM11 17h1v1H11zM13 17h2v1H13zM18 17h1v1H18zM21 17h1v1H21zM24 17h1v1H24zM27 17h2v1H27zM30 17h3v1H30zM39 17h2v1H39zM42 17h2v1H42zM45 17h1v1H45zM47 17h3v1H47zM52,17 h1v1H52zM4 18h1v1H4zM6 18h3v1H6zM10 18h3v1H10zM16 18h1v1H16zM19 18h2v1H19zM26 18h3v1H26zM30 18h1v1H30zM32 18h4v1H32zM37 18h1v1H37zM39 18h4v1H39zM44 18h4v1H44zM49 18h2v1H49zM4 19h2v1H4zM8 19h2v1H8zM11 19h1v1H11zM13 19h1v1H13zM15 19h1v1H15zM18 19h2v1H18zM22 19h1v1H22zM25 19h1v1H25zM27 19h1v1H27zM32 19h3v1H32zM38 19h2v1H38zM45 19h5v1H45zM52,19 h1v1H52zM5 20h2v1H5zM8 20h1v1H8zM10 20h1v1H10zM14 20h3v1H14zM18 20h4v1H18zM27 20h1v1H27zM30 20h1v1H30zM33 20h1v1H33zM35 20h2v1H35zM38 20h2v1H38zM44 20h3v1H44zM48 20h4v1H48zM4 21h1v1H4zM8 21h2v1H8zM11 21h2v1H11zM14 21h1v1H14zM16 21h1v1H16zM18 21h1v1H18zM20 21h3v1H20zM26 21h1v1H26zM29 21h1v1H29zM32 21h2v1H32zM36 21h3v1H36zM40 21h1v1H40zM43 21h3v1H43zM50,21 h3v1H50zM4 22h1v1H4zM6 22h2v1H6zM9 22h3v1H9zM15 22h2v1H15zM19 22h1v1H19zM22 22h2v1H22zM25 22h1v1H25zM27 22h5v1H27zM34 22h1v1H34zM37 22h1v1H37zM39 22h2v1H39zM42 22h2v1H42zM46 22h1v1H46zM48 22h2v1H48zM52,22 h1v1H52zM4 23h4v1H4zM16 23h3v1H16zM23 23h3v1H23zM27 23h2v1H27zM30 23h1v1H30zM32 23h2v1H32zM39 23h3v1H39zM43 23h1v1H43zM47 23h1v1H47zM51 23h1v1H51zM4 24h1v1H4zM6 24h1v1H6zM10 24h1v1H10zM12 24h1v1H12zM16 24h2v1H16zM20 24h1v1H20zM23 24h1v1H23zM27 24h1v1H27zM30 24h3v1H30zM34 24h1v1H34zM38 24h1v1H38zM41 24h3v1H41zM46 24h2v1H46zM49 24h1v1H49zM51 24h1v1H51zM4 25h1v1H4zM9 25h1v1H9zM11 25h1v1H11zM13 25h1v1H13zM15 25h1v1H15zM17 25h1v1H17zM20 25h5v1H20zM26 25h3v1H26zM31 25h5v1H31zM37 25h1v1H37zM41 25h1v1H41zM43 25h1v1H43zM46 25h2v1H46zM49 25h3v1H49zM8 26h11v1H8zM20 26h1v1H20zM25 26h9v1H25zM35 26h5v1H35zM42 26h7v1H42zM51 26h1v1H51zM4 27h2v1H4zM7 27h2v1H7zM12 27h4v1H12zM19 27h1v1H19zM24 27h1v1H24zM26 27h1v1H26zM30 27h2v1H30zM33 27h1v1H33zM35 27h1v1H35zM37 27h1v1H37zM39 27h2v1H39zM44 27h1v1H44zM48 27h1v1H48zM50 27h1v1H50zM4 28h1v1H4zM6 28h3v1H6zM10 28h1v1H10zM12 28h2v1H12zM15 28h2v1H15zM20 28h1v1H20zM22 28h1v1H22zM24 28h1v1H24zM26 28h1v1H26zM28 28h1v1H28zM30 28h2v1H30zM33 28h3v1H33zM38 28h1v1H38zM40 28h2v1H40zM43 28h2v1H43zM46 28h1v1H46zM48 28h1v1H48zM50 28h1v1H50zM52,28 h1v1H52zM5 29h2v1H5zM8 29h1v1H8zM12 29h6v1H12zM22 29h5v1H22zM30 29h2v1H30zM33 29h1v1H33zM36 29h2v1H36zM39 29h4v1H39zM44 29h1v1H44zM48 29h1v1H48zM52,29 h1v1H52zM8 30h7v1H8zM16 30h1v1H16zM18 30h2v1H18zM21 30h2v1H21zM24 30h1v1H24zM26 30h10v1H26zM38 30h1v1H38zM41 30h2v1H41zM44 30h7v1H44zM4 31h1v1H4zM8 31h1v1H8zM12 31h1v1H12zM16 31h1v1H16zM18 31h2v1H18zM23 31h1v1H23zM29 31h4v1H29zM34 31h1v1H34zM36 31h2v1H36zM40 31h2v1H40zM44 31h2v1H44zM49 31h1v1H49zM4 32h2v1H4zM7 32h1v1H7zM10 32h1v1H10zM16 32h2v1H16zM19 32h1v1H19zM22 32h3v1H22zM26 32h2v1H26zM30 32h1v1H30zM33 32h1v1H33zM35 32h3v1H35zM41 32h1v1H41zM46 32h2v1H46zM49 32h2v1H49zM52,32 h1v1H52zM6 33h2v1H6zM11 33h1v1H11zM14 33h2v1H14zM17 33h1v1H17zM20 33h1v1H20zM23 33h1v1H23zM27 33h1v1H27zM29 33h2v1H29zM32 33h2v1H32zM36 33h1v1H36zM38 33h3v1H38zM44 33h1v1H44zM46 33h2v1H46zM50,33 h3v1H50zM4 34h2v1H4zM7 34h4v1H7zM12 34h1v1H12zM15 34h3v1H15zM22 34h2v1H22zM26 34h1v1H26zM28 34h1v1H28zM32 34h1v1H32zM38 34h1v1H38zM40 34h1v1H40zM43 34h5v1H43zM49 34h1v1H49zM52,34 h1v1H52zM4 35h1v1H4zM6 35h3v1H6zM11 35h2v1H11zM15 35h2v1H15zM18 35h1v1H18zM21 35h1v1H21zM24 35h1v1H24zM29 35h1v1H29zM31 35h2v1H31zM37 35h2v1H37zM40 35h4v1H40zM45 35h4v1H45zM51 35h1v1H51zM8 36h1v1H8zM10 36h8v1H10zM19 36h1v1H19zM23 36h2v1H23zM26 36h1v1H26zM28 36h1v1H28zM32 36h1v1H32zM34 36h2v1H34zM37 36h3v1H37zM44 36h2v1H44zM48 36h2v1H48zM4 37h1v1H4zM6 37h1v1H6zM8 37h1v1H8zM13 37h2v1H13zM16 37h4v1H16zM21 37h1v1H21zM23 37h1v1H23zM25 37h4v1H25zM30 37h2v1H30zM34 37h2v1H34zM39 37h1v1H39zM41 37h1v1H41zM43 37h1v1H43zM45 37h2v1H45zM49 37h1v1H49zM7 38h5v1H7zM14 38h1v1H14zM16 38h1v1H16zM18 38h2v1H18zM21 38h1v1H21zM23 38h2v1H23zM30 38h1v1H30zM34 38h1v1H34zM36 38h1v1H36zM40 38h1v1H40zM45 38h1v1H45zM51 38h1v1H51zM7 39h1v1H7zM9 39h1v1H9zM12 39h1v1H12zM15 39h2v1H15zM19 39h3v1H19zM23 39h1v1H23zM27 39h2v1H27zM30 39h1v1H30zM33 39h1v1H33zM35 39h2v1H35zM38 39h1v1H38zM42 39h6v1H42zM50,39 h3v1H50zM5 40h7v1H5zM13 40h2v1H13zM16 40h1v1H16zM19 40h1v1H19zM22 40h1v1H22zM25 40h3v1H25zM33 40h3v1H33zM39 40h7v1H39zM47 40h2v1H47zM50 40h1v1H50zM52,40 h1v1H52zM7 41h1v1H7zM9 41h1v1H9zM12 41h1v1H12zM16 41h5v1H16zM23 41h1v1H23zM26 41h2v1H26zM29 41h3v1H29zM35 41h2v1H35zM39 41h4v1H39zM44 41h1v1H44zM46 41h1v1H46zM48 41h1v1H48zM52,41 h1v1H52zM5 42h1v1H5zM9 42h2v1H9zM13 42h2v1H13zM16 42h2v1H16zM23 42h3v1H23zM29 42h1v1H29zM34 42h1v1H34zM37 42h1v1H37zM45 42h1v1H45zM47 42h2v1H47zM5 43h3v1H5zM12 43h2v1H12zM15 43h1v1H15zM20 43h1v1H20zM22 43h3v1H22zM28 43h3v1H28zM32 43h1v1H32zM34 43h1v1H34zM51 43h1v1H51zM4 44h3v1H4zM10 44h3v1H10zM14 44h1v1H14zM16 44h1v1H16zM18 44h4v1H18zM25 44h6v1H25zM33 44h5v1H33zM44 44h5v1H44zM51 44h1v1H51zM12 45h2v1H12zM18 45h1v1H18zM20 45h3v1H20zM25 45h2v1H25zM30 45h2v1H30zM35 45h1v1H35zM38 45h1v1H38zM44 45h1v1H44zM48 45h1v1H48zM50,45 h3v1H50zM4 46h7v1H4zM13 46h7v1H13zM21 46h1v1H21zM23 46h4v1H23zM28 46h1v1H28zM30 46h1v1H30zM33 46h1v1H33zM35 46h1v1H35zM37 46h4v1H37zM42 46h3v1H42zM46 46h1v1H46zM48 46h1v1H48zM52,46 h1v1H52zM4 47h1v1H4zM10 47h1v1H10zM13 47h3v1H13zM21 47h2v1H21zM24 47h3v1H24zM30 47h1v1H30zM32 47h1v1H32zM34 47h1v1H34zM38 47h2v1H38zM41 47h2v1H41zM44 47h1v1H44zM48 47h1v1H48zM51,47 h2v1H51zM4 48h1v1H4zM6 48h3v1H6zM10 48h1v1H10zM15 48h1v1H15zM18 48h5v1H18zM25 48h9v1H25zM37 48h3v1H37zM41 48h2v1H41zM44 48h6v1H44zM4 49h1v1H4zM6 49h3v1H6zM10 49h1v1H10zM12 49h1v1H12zM16 49h1v1H16zM19 49h1v1H19zM22 49h1v1H22zM25 49h1v1H25zM33 49h2v1H33zM36 49h1v1H36zM43 49h2v1H43zM47 49h3v1H47zM4 50h1v1H4zM6 50h3v1H6zM10 50h1v1H10zM12 50h1v1H12zM17 50h3v1H17zM21 50h1v1H21zM23 50h4v1H23zM29 50h1v1H29zM33 50h2v1H33zM36 50h3v1H36zM40 50h1v1H40zM43 50h1v1H43zM48 50h1v1H48zM50,50 h3v1H50zM4 51h1v1H4zM10 51h1v1H10zM12 51h3v1H12zM17 51h2v1H17zM20 51h1v1H20zM23 51h1v1H23zM29 51h1v1H29zM31 51h1v1H31zM35 51h1v1H35zM38 51h1v1H38zM40 51h1v1H40zM43 51h2v1H43zM47 51h1v1H47zM49 51h2v1H49zM4 52h7v1H4zM12 52h1v1H12zM15 52h1v1H15zM20 52h1v1H20zM22 52h3v1H22zM27 52h5v1H27zM34 52h2v1H34zM37 52h1v1H37zM39 52h3v1H39zM44 52h2v1H44zM51,52 h2v1H51z"
    fill="#000000"
  />
</svg>
`;
